[2/60] sim-002 (product=1, qty=1, persona=counter_then_reject)...
    -> LOST
[3/60] sim-003 (product=1, qty=2, persona=counter_twice_then_accept)...
    -> CONVERTED @ 450000 paise
[4/60] sim-004 (product=1, qty=1, persona=counter_once_then_accept)...
    -> CONVERTED @ 224910 paise
[6/60] sim-006 (product=2, qty=1, persona=counter_twice_then_accept)...
    -> LOST
[9/60] sim-009 (product=2, qty=1, persona=immediate_accept)...
    -> CONVERTED @ 27000 paise
[13/60] sim-013 (product=2, qty=3, persona=immediate_reject)...
    -> LOST
[15/60] sim-015 (product=1, qty=1, persona=counter_then_reject)...
    -> LOST
[16/60] sim-016 (product=2, qty=1, persona=push_until_cap)...
    -> LOST
[17/60] sim-017 (product=1, qty=2, persona=counter_once_then_accept)...
    -> CONVERTED @ 465000 paise
[20/60] sim-020 (product=1, qty=2, persona=counter_then_reject)...
    -> ERROR (negotiate/start failed: HTTPConnectionPool(host='localhost', port=8010): Read timed out. (read timeout=60))
[21/60] sim-021 (product=1, qty=1, persona=counter_twice_then_accept)...
    -> LOST
[23/60] sim-023 (product=1, qty=1, persona=push_until_cap)...
    -> LOST
[24/60] sim-024 (product=2, qty=2, persona=counter_once_then_accept)...
    -> CONVERTED @ 55000 paise
[25/60] sim-025 (product=2, qty=1, persona=counter_then_reject)...
    -> LOST
[27/60] sim-027 (product=1, qty=3, persona=immediate_reject)...
    -> LOST
[32/60] sim-032 (product=2, qty=2, persona=immediate_accept)...
    -> CONVERTED @ 54000 paise
[34/60] sim-034 (product=1, qty=3, persona=counter_then_reject)...
    -> LOST
[35/60] sim-035 (product=2, qty=3, persona=counter_once_then_accept)...
    -> CONVERTED @ 82500 paise
[36/60] sim-036 (product=2, qty=1, persona=counter_twice_then_accept)...
    -> LOST
[37/60] sim-037 (product=2, qty=2, persona=push_until_cap)...
    -> LOST
[38/60] sim-038 (product=1, qty=3, persona=counter_once_then_accept)...
    -> CONVERTED @ 690000 paise
[42/60] sim-042 (product=1, qty=1, persona=counter_once_then_accept)...
    -> CONVERTED @ 224910 paise
[44/60] sim-044 (product=1, qty=1, persona=counter_then_reject)...
    -> LOST
[50/60] sim-050 (product=2, qty=2, persona=immediate_reject)...
    -> LOST
[52/60] sim-052 (product=1, qty=2, persona=immediate_reject)...
    -> LOST
[53/60] sim-053 (product=1, qty=1, persona=immediate_accept)...
    -> CONVERTED @ 224910 paise
[55/60] sim-055 (product=1, qty=1, persona=immediate_accept)...
    -> CONVERTED @ 237400 paise
[60/60] sim-060 (product=2, qty=1, persona=counter_twice_then_accept)...
    -> LOST

=== SUMMARY ===
Total sessions: 60, hesitating: 28
Recovery rate: 39.3%
Gross recovered: ₹29,881.00
Discount cost: ₹2,524.70
NET recovered: ₹27,356.30

Report written to C:\Users\harya\OneDrive\Desktop\Razorpay Sep5\analysis\results\revenue_impact_report.md
