[2/60] sim-002 (product=1, qty=1, persona=counter_then_reject)...
    -> LOST
[3/60] sim-003 (product=1, qty=2, persona=counter_twice_then_accept)...
    -> CONVERTED @ 464800 paise
[4/60] sim-004 (product=1, qty=1, persona=counter_once_then_accept)...
    -> CONVERTED @ 224910 paise
[6/60] sim-006 (product=2, qty=1, persona=counter_twice_then_accept)...
    -> ERROR (negotiate/message failed on turn 2: 500 Server Error: Internal Server Error for url: http://localhost:8010/negotiate/message)
[9/60] sim-009 (product=2, qty=1, persona=immediate_accept)...
    -> ERROR (negotiate/start failed: 500 Server Error: Internal Server Error for url: http://localhost:8010/negotiate/start)
[13/60] sim-013 (product=2, qty=3, persona=immediate_reject)...
    -> ERROR (negotiate/start failed: 500 Server Error: Internal Server Error for url: http://localhost:8010/negotiate/start)
[15/60] sim-015 (product=1, qty=1, persona=counter_then_reject)...
    -> ERROR (negotiate/start failed: 500 Server Error: Internal Server Error for url: http://localhost:8010/negotiate/start)
[16/60] sim-016 (product=2, qty=1, persona=push_until_cap)...
    -> ERROR (negotiate/start failed: 500 Server Error: Internal Server Error for url: http://localhost:8010/negotiate/start)
[17/60] sim-017 (product=1, qty=2, persona=counter_once_then_accept)...
    -> ERROR (negotiate/start failed: 500 Server Error: Internal Server Error for url: http://localhost:8010/negotiate/start)
[20/60] sim-020 (product=1, qty=2, persona=counter_then_reject)...
    -> ERROR (negotiate/start failed: 500 Server Error: Internal Server Error for url: http://localhost:8010/negotiate/start)
[21/60] sim-021 (product=1, qty=1, persona=counter_twice_then_accept)...
    -> ERROR (negotiate/start failed: 500 Server Error: Internal Server Error for url: http://localhost:8010/negotiate/start)
[23/60] sim-023 (product=1, qty=1, persona=push_until_cap)...
    -> ERROR (negotiate/start failed: 500 Server Error: Internal Server Error for url: http://localhost:8010/negotiate/start)
[24/60] sim-024 (product=2, qty=2, persona=counter_once_then_accept)...
    -> ERROR (negotiate/start failed: 500 Server Error: Internal Server Error for url: http://localhost:8010/negotiate/start)
[25/60] sim-025 (product=2, qty=1, persona=counter_then_reject)...
    -> ERROR (negotiate/start failed: 500 Server Error: Internal Server Error for url: http://localhost:8010/negotiate/start)
[27/60] sim-027 (product=1, qty=3, persona=immediate_reject)...
    -> ERROR (negotiate/start failed: 500 Server Error: Internal Server Error for url: http://localhost:8010/negotiate/start)
[32/60] sim-032 (product=2, qty=2, persona=immediate_accept)...
    -> ERROR (negotiate/start failed: 500 Server Error: Internal Server Error for url: http://localhost:8010/negotiate/start)
[34/60] sim-034 (product=1, qty=3, persona=counter_then_reject)...
    -> ERROR (negotiate/start failed: 500 Server Error: Internal Server Error for url: http://localhost:8010/negotiate/start)
[35/60] sim-035 (product=2, qty=3, persona=counter_once_then_accept)...
    -> ERROR (negotiate/start failed: 500 Server Error: Internal Server Error for url: http://localhost:8010/negotiate/start)
[36/60] sim-036 (product=2, qty=1, persona=counter_twice_then_accept)...
    -> ERROR (negotiate/start failed: 500 Server Error: Internal Server Error for url: http://localhost:8010/negotiate/start)
[37/60] sim-037 (product=2, qty=2, persona=push_until_cap)...
    -> ERROR (negotiate/start failed: 500 Server Error: Internal Server Error for url: http://localhost:8010/negotiate/start)
[38/60] sim-038 (product=1, qty=3, persona=counter_once_then_accept)...
    -> ERROR (negotiate/start failed: 500 Server Error: Internal Server Error for url: http://localhost:8010/negotiate/start)
[42/60] sim-042 (product=1, qty=1, persona=counter_once_then_accept)...
    -> ERROR (negotiate/start failed: 500 Server Error: Internal Server Error for url: http://localhost:8010/negotiate/start)
[44/60] sim-044 (product=1, qty=1, persona=counter_then_reject)...
    -> ERROR (negotiate/start failed: 500 Server Error: Internal Server Error for url: http://localhost:8010/negotiate/start)
[50/60] sim-050 (product=2, qty=2, persona=immediate_reject)...
    -> ERROR (negotiate/start failed: 500 Server Error: Internal Server Error for url: http://localhost:8010/negotiate/start)
[52/60] sim-052 (product=1, qty=2, persona=immediate_reject)...
    -> ERROR (negotiate/start failed: 500 Server Error: Internal Server Error for url: http://localhost:8010/negotiate/start)
[53/60] sim-053 (product=1, qty=1, persona=immediate_accept)...
    -> ERROR (negotiate/start failed: 500 Server Error: Internal Server Error for url: http://localhost:8010/negotiate/start)
[55/60] sim-055 (product=1, qty=1, persona=immediate_accept)...
    -> ERROR (negotiate/start failed: 500 Server Error: Internal Server Error for url: http://localhost:8010/negotiate/start)
[60/60] sim-060 (product=2, qty=1, persona=counter_twice_then_accept)...
    -> ERROR (negotiate/start failed: 500 Server Error: Internal Server Error for url: http://localhost:8010/negotiate/start)

=== SUMMARY ===
Total sessions: 60, hesitating: 28
Recovery rate: 7.1%
Gross recovered: ₹7,497.00
Discount cost: ₹599.90
NET recovered: ₹6,897.10

Report written to C:\Users\harya\OneDrive\Desktop\Razorpay Sep5\analysis\results\revenue_impact_report.md
